[0;36mafl-tmin++4.41a[0m by Michal Zalewski

[1;92m[+] [0mRead 39 bytes from 'pocs/text_api_triage/original_crash'.[0m
[1;94m[*] [0mPerforming dry run (mem limit = 0 MB, timeout = 1000 ms)...[0m
[1;92m[+] [0mProgram exits with a signal, minimizing in [0;35mcrash[0m mode.[0m
[1;94m[*] [0m[1;97mStage #0: [0mOne-time block normalization...[0m
[1;92m[+] [0mBlock normalization complete, 35 bytes replaced.[0m
[1;94m[*] [0m[1;93m--- [1;97mPass #1 [1;93m---[0m
[1;94m[*] [0m[1;97mStage #1: [0mRemoving blocks of data...[0m
[1;90m    Block length = 2, remaining size = 39
[0m[1;90m    Block length = 1, remaining size = 4
[0m[1;92m[+] [0mBlock removal complete, 36 bytes deleted.[0m
[1;94m[*] [0m[1;97mStage #2: [0mMinimizing symbols (3 code points)...[0m
[1;92m[+] [0mSymbol minimization finished, 2 symbols (2 bytes) replaced.[0m
[1;94m[*] [0m[1;97mStage #3: [0mCharacter minimization...[0m
[1;92m[+] [0mCharacter minimization done, 0 bytes replaced.[0m
[1;94m[*] [0m[1;93m--- [1;97mPass #2 [1;93m---[0m
[1;94m[*] [0m[1;97mStage #1: [0mRemoving blocks of data...[0m
[1;90m    Block length = 1, remaining size = 3
[0m[1;92m[+] [0mBlock removal complete, 0 bytes deleted.[0m

[1;90m     File size reduced by : [0m92.31% (to 3 bytes)
[1;90m    Characters simplified : [0m1233.33%
[1;90m     Number of execs done : [0m41
[1;90m          Fruitless execs : [0mpath=10 crash=0 hang=0

[1;94m[*] [0mWriting output to 'pocs/text_api_triage/minimized_input'...[0m
[1;92m[+] [0mWe're done here. Have a nice day!
[0m
